[0.281s] Invoking command in '/home/bennett/github/PAI/Tank/ros2_ws/src/build/yolov8_detector': PYTHONPATH=/home/bennett/github/PAI/Tank/ros2_ws/src/build/yolov8_detector/prefix_override:/usr/lib/python3/dist-packages/colcon_core/task/python/colcon_distutils_commands:/home/bennett/github/PAI/Tank/ros2_ws/src/install/yolov8_detector/lib/python3.10/site-packages:${PYTHONPATH} /usr/bin/python3 -W ignore:setup.py install is deprecated -W ignore:easy_install command is deprecated setup.py develop --uninstall --editable --build-directory /home/bennett/github/PAI/Tank/ros2_ws/src/build/yolov8_detector/build
[0.398s] running develop
[0.468s] Removing /home/bennett/github/PAI/Tank/ros2_ws/src/install/yolov8_detector/lib/python3.10/site-packages/yolov8-detector.egg-link (link to .)
[0.481s] Invoked command in '/home/bennett/github/PAI/Tank/ros2_ws/src/build/yolov8_detector' returned '0': PYTHONPATH=/home/bennett/github/PAI/Tank/ros2_ws/src/build/yolov8_detector/prefix_override:/usr/lib/python3/dist-packages/colcon_core/task/python/colcon_distutils_commands:/home/bennett/github/PAI/Tank/ros2_ws/src/install/yolov8_detector/lib/python3.10/site-packages:${PYTHONPATH} /usr/bin/python3 -W ignore:setup.py install is deprecated -W ignore:easy_install command is deprecated setup.py develop --uninstall --editable --build-directory /home/bennett/github/PAI/Tank/ros2_ws/src/build/yolov8_detector/build
[0.481s] Invoking command in '/home/bennett/github/PAI/Tank/ros2_ws/src/yolov8_detector': PYTHONPATH=/home/bennett/github/PAI/Tank/ros2_ws/src/build/yolov8_detector/prefix_override:/usr/lib/python3/dist-packages/colcon_core/task/python/colcon_distutils_commands:/home/bennett/github/PAI/Tank/ros2_ws/src/install/yolov8_detector/lib/python3.10/site-packages:${PYTHONPATH} /usr/bin/python3 -W ignore:setup.py install is deprecated -W ignore:easy_install command is deprecated setup.py egg_info --egg-base ../build/yolov8_detector build --build-base /home/bennett/github/PAI/Tank/ros2_ws/src/build/yolov8_detector/build install --record /home/bennett/github/PAI/Tank/ros2_ws/src/build/yolov8_detector/install.log --single-version-externally-managed install_data --force
[0.583s] running egg_info
[0.591s] writing ../build/yolov8_detector/yolov8_detector.egg-info/PKG-INFO
[0.592s] writing dependency_links to ../build/yolov8_detector/yolov8_detector.egg-info/dependency_links.txt
[0.592s] writing entry points to ../build/yolov8_detector/yolov8_detector.egg-info/entry_points.txt
[0.592s] writing requirements to ../build/yolov8_detector/yolov8_detector.egg-info/requires.txt
[0.592s] writing top-level names to ../build/yolov8_detector/yolov8_detector.egg-info/top_level.txt
[0.595s] reading manifest file '../build/yolov8_detector/yolov8_detector.egg-info/SOURCES.txt'
[0.596s] writing manifest file '../build/yolov8_detector/yolov8_detector.egg-info/SOURCES.txt'
[0.596s] running build
[0.596s] running build_py
[0.596s] running install
[0.597s] running install_lib
[0.597s] creating /home/bennett/github/PAI/Tank/ros2_ws/src/install/yolov8_detector/lib/python3.10/site-packages/yolov8_detector
[0.598s] copying /home/bennett/github/PAI/Tank/ros2_ws/src/build/yolov8_detector/build/lib/yolov8_detector/yolov8_node.py -> /home/bennett/github/PAI/Tank/ros2_ws/src/install/yolov8_detector/lib/python3.10/site-packages/yolov8_detector
[0.598s] copying /home/bennett/github/PAI/Tank/ros2_ws/src/build/yolov8_detector/build/lib/yolov8_detector/__init__.py -> /home/bennett/github/PAI/Tank/ros2_ws/src/install/yolov8_detector/lib/python3.10/site-packages/yolov8_detector
[0.598s] byte-compiling /home/bennett/github/PAI/Tank/ros2_ws/src/install/yolov8_detector/lib/python3.10/site-packages/yolov8_detector/yolov8_node.py to yolov8_node.cpython-310.pyc
[0.598s] byte-compiling /home/bennett/github/PAI/Tank/ros2_ws/src/install/yolov8_detector/lib/python3.10/site-packages/yolov8_detector/__init__.py to __init__.cpython-310.pyc
[0.598s] running install_data
[0.598s] copying resource/yolov8_detector -> /home/bennett/github/PAI/Tank/ros2_ws/src/install/yolov8_detector/share/ament_index/resource_index/packages
[0.599s] copying package.xml -> /home/bennett/github/PAI/Tank/ros2_ws/src/install/yolov8_detector/share/yolov8_detector
[0.600s] running install_egg_info
[0.600s] Copying ../build/yolov8_detector/yolov8_detector.egg-info to /home/bennett/github/PAI/Tank/ros2_ws/src/install/yolov8_detector/lib/python3.10/site-packages/yolov8_detector-0.0.0-py3.10.egg-info
[0.601s] running install_scripts
[0.612s] Installing yolov8_node script to /home/bennett/github/PAI/Tank/ros2_ws/src/install/yolov8_detector/lib/yolov8_detector
[0.612s] writing list of installed files to '/home/bennett/github/PAI/Tank/ros2_ws/src/build/yolov8_detector/install.log'
[0.624s] Invoked command in '/home/bennett/github/PAI/Tank/ros2_ws/src/yolov8_detector' returned '0': PYTHONPATH=/home/bennett/github/PAI/Tank/ros2_ws/src/build/yolov8_detector/prefix_override:/usr/lib/python3/dist-packages/colcon_core/task/python/colcon_distutils_commands:/home/bennett/github/PAI/Tank/ros2_ws/src/install/yolov8_detector/lib/python3.10/site-packages:${PYTHONPATH} /usr/bin/python3 -W ignore:setup.py install is deprecated -W ignore:easy_install command is deprecated setup.py egg_info --egg-base ../build/yolov8_detector build --build-base /home/bennett/github/PAI/Tank/ros2_ws/src/build/yolov8_detector/build install --record /home/bennett/github/PAI/Tank/ros2_ws/src/build/yolov8_detector/install.log --single-version-externally-managed install_data --force
