[0.004s] Invoking command in '/home/bennett/github/PAI/Tank/ros2_ws/build/tank_navigation': CMAKE_PREFIX_PATH=/home/bennett/github/PAI/Tank/ros2_ws/src/install/yolov8_detector:/opt/ros/humble /usr/bin/cmake /home/bennett/github/PAI/Tank/ros2_ws/src/navigation/tank_navigation -DCMAKE_INSTALL_PREFIX=/home/bennett/github/PAI/Tank/ros2_ws/install/tank_navigation
[0.037s] -- The C compiler identification is GNU 11.4.0
[0.067s] -- The CXX compiler identification is GNU 11.4.0
[0.071s] -- Detecting C compiler ABI info
[0.111s] -- Detecting C compiler ABI info - done
[0.115s] -- Check for working C compiler: /usr/bin/cc - skipped
[0.115s] -- Detecting C compile features
[0.115s] -- Detecting C compile features - done
[0.116s] -- Detecting CXX compiler ABI info
[0.162s] -- Detecting CXX compiler ABI info - done
[0.165s] -- Check for working CXX compiler: /usr/bin/c++ - skipped
[0.165s] -- Detecting CXX compile features
[0.165s] -- Detecting CXX compile features - done
[0.166s] -- Found ament_cmake: 1.3.12 (/opt/ros/humble/share/ament_cmake/cmake)
[0.243s] -- Found Python3: /usr/bin/python3 (found version "3.10.12") found components: Interpreter 
[0.319s] -- Configuring done
[0.319s] -- Generating done
[0.319s] -- Build files have been written to: /home/bennett/github/PAI/Tank/ros2_ws/build/tank_navigation
[0.321s] Invoked command in '/home/bennett/github/PAI/Tank/ros2_ws/build/tank_navigation' returned '0': CMAKE_PREFIX_PATH=/home/bennett/github/PAI/Tank/ros2_ws/src/install/yolov8_detector:/opt/ros/humble /usr/bin/cmake /home/bennett/github/PAI/Tank/ros2_ws/src/navigation/tank_navigation -DCMAKE_INSTALL_PREFIX=/home/bennett/github/PAI/Tank/ros2_ws/install/tank_navigation
[0.326s] Invoking command in '/home/bennett/github/PAI/Tank/ros2_ws/build/tank_navigation': CMAKE_PREFIX_PATH=/home/bennett/github/PAI/Tank/ros2_ws/src/install/yolov8_detector:/opt/ros/humble /usr/bin/cmake --build /home/bennett/github/PAI/Tank/ros2_ws/build/tank_navigation -- -j24 -l24
[0.346s] Invoked command in '/home/bennett/github/PAI/Tank/ros2_ws/build/tank_navigation' returned '0': CMAKE_PREFIX_PATH=/home/bennett/github/PAI/Tank/ros2_ws/src/install/yolov8_detector:/opt/ros/humble /usr/bin/cmake --build /home/bennett/github/PAI/Tank/ros2_ws/build/tank_navigation -- -j24 -l24
[0.352s] Invoking command in '/home/bennett/github/PAI/Tank/ros2_ws/build/tank_navigation': CMAKE_PREFIX_PATH=/home/bennett/github/PAI/Tank/ros2_ws/src/install/yolov8_detector:/opt/ros/humble /usr/bin/cmake --install /home/bennett/github/PAI/Tank/ros2_ws/build/tank_navigation
[0.355s] -- Install configuration: ""
[0.355s] -- Installing: /home/bennett/github/PAI/Tank/ros2_ws/install/tank_navigation/share/tank_navigation/launch
[0.355s] -- Installing: /home/bennett/github/PAI/Tank/ros2_ws/install/tank_navigation/share/tank_navigation/launch/tank_navigation.launch.py
[0.355s] -- Installing: /home/bennett/github/PAI/Tank/ros2_ws/install/tank_navigation/share/tank_navigation/params
[0.356s] -- Installing: /home/bennett/github/PAI/Tank/ros2_ws/install/tank_navigation/share/tank_navigation/params/tank_navigation_params.yaml
[0.356s] -- Installing: /home/bennett/github/PAI/Tank/ros2_ws/install/tank_navigation/share/tank_navigation/maps
[0.356s] -- Installing: /home/bennett/github/PAI/Tank/ros2_ws/install/tank_navigation/share/tank_navigation/maps/tank_alpharetta_navigation.yaml
[0.356s] -- Installing: /home/bennett/github/PAI/Tank/ros2_ws/install/tank_navigation/share/tank_navigation/maps/tank_alpharetta_navigation.png
[0.356s] -- Installing: /home/bennett/github/PAI/Tank/ros2_ws/install/tank_navigation/share/tank_navigation/rviz2
[0.356s] -- Installing: /home/bennett/github/PAI/Tank/ros2_ws/install/tank_navigation/share/tank_navigation/rviz2/tank_navigation.rviz
[0.356s] -- Installing: /home/bennett/github/PAI/Tank/ros2_ws/install/tank_navigation/share/tank_navigation/rviz2/tank_navigation_namespaced.rviz
[0.356s] -- Installing: /home/bennett/github/PAI/Tank/ros2_ws/install/tank_navigation/share/ament_index/resource_index/package_run_dependencies/tank_navigation
[0.356s] -- Installing: /home/bennett/github/PAI/Tank/ros2_ws/install/tank_navigation/share/ament_index/resource_index/parent_prefix_path/tank_navigation
[0.356s] -- Installing: /home/bennett/github/PAI/Tank/ros2_ws/install/tank_navigation/share/tank_navigation/environment/ament_prefix_path.sh
[0.356s] -- Installing: /home/bennett/github/PAI/Tank/ros2_ws/install/tank_navigation/share/tank_navigation/environment/ament_prefix_path.dsv
[0.356s] -- Installing: /home/bennett/github/PAI/Tank/ros2_ws/install/tank_navigation/share/tank_navigation/environment/path.sh
[0.356s] -- Installing: /home/bennett/github/PAI/Tank/ros2_ws/install/tank_navigation/share/tank_navigation/environment/path.dsv
[0.356s] -- Installing: /home/bennett/github/PAI/Tank/ros2_ws/install/tank_navigation/share/tank_navigation/local_setup.bash
[0.356s] -- Installing: /home/bennett/github/PAI/Tank/ros2_ws/install/tank_navigation/share/tank_navigation/local_setup.sh
[0.356s] -- Installing: /home/bennett/github/PAI/Tank/ros2_ws/install/tank_navigation/share/tank_navigation/local_setup.zsh
[0.356s] -- Installing: /home/bennett/github/PAI/Tank/ros2_ws/install/tank_navigation/share/tank_navigation/local_setup.dsv
[0.356s] -- Installing: /home/bennett/github/PAI/Tank/ros2_ws/install/tank_navigation/share/tank_navigation/package.dsv
[0.356s] -- Installing: /home/bennett/github/PAI/Tank/ros2_ws/install/tank_navigation/share/ament_index/resource_index/packages/tank_navigation
[0.356s] -- Installing: /home/bennett/github/PAI/Tank/ros2_ws/install/tank_navigation/share/tank_navigation/cmake/tank_navigationConfig.cmake
[0.356s] -- Installing: /home/bennett/github/PAI/Tank/ros2_ws/install/tank_navigation/share/tank_navigation/cmake/tank_navigationConfig-version.cmake
[0.356s] -- Installing: /home/bennett/github/PAI/Tank/ros2_ws/install/tank_navigation/share/tank_navigation/package.xml
[0.360s] Invoked command in '/home/bennett/github/PAI/Tank/ros2_ws/build/tank_navigation' returned '0': CMAKE_PREFIX_PATH=/home/bennett/github/PAI/Tank/ros2_ws/src/install/yolov8_detector:/opt/ros/humble /usr/bin/cmake --install /home/bennett/github/PAI/Tank/ros2_ws/build/tank_navigation
