-- Install configuration: ""
-- Up-to-date: /home/bennett/github/PAI/Tank/ros2_ws/src/install/tank_navigation/share/tank_navigation/launch
-- Installing: /home/bennett/github/PAI/Tank/ros2_ws/src/install/tank_navigation/share/tank_navigation/launch/tank_navigation.launch.py
-- Up-to-date: /home/bennett/github/PAI/Tank/ros2_ws/src/install/tank_navigation/share/tank_navigation/params
-- Installing: /home/bennett/github/PAI/Tank/ros2_ws/src/install/tank_navigation/share/tank_navigation/params/tank_navigation_params.yaml
-- Up-to-date: /home/bennett/github/PAI/Tank/ros2_ws/src/install/tank_navigation/share/tank_navigation/maps
-- Up-to-date: /home/bennett/github/PAI/Tank/ros2_ws/src/install/tank_navigation/share/tank_navigation/maps/tank_alpharetta_navigation.yaml
-- Up-to-date: /home/bennett/github/PAI/Tank/ros2_ws/src/install/tank_navigation/share/tank_navigation/maps/tank_alpharetta_navigation.png
-- Up-to-date: /home/bennett/github/PAI/Tank/ros2_ws/src/install/tank_navigation/share/tank_navigation/rviz2
-- Up-to-date: /home/bennett/github/PAI/Tank/ros2_ws/src/install/tank_navigation/share/tank_navigation/rviz2/tank_navigation.rviz
-- Up-to-date: /home/bennett/github/PAI/Tank/ros2_ws/src/install/tank_navigation/share/tank_navigation/rviz2/tank_navigation_namespaced.rviz
-- Up-to-date: /home/bennett/github/PAI/Tank/ros2_ws/src/install/tank_navigation/share/ament_index/resource_index/package_run_dependencies/tank_navigation
-- Up-to-date: /home/bennett/github/PAI/Tank/ros2_ws/src/install/tank_navigation/share/ament_index/resource_index/parent_prefix_path/tank_navigation
-- Up-to-date: /home/bennett/github/PAI/Tank/ros2_ws/src/install/tank_navigation/share/tank_navigation/environment/ament_prefix_path.sh
-- Up-to-date: /home/bennett/github/PAI/Tank/ros2_ws/src/install/tank_navigation/share/tank_navigation/environment/ament_prefix_path.dsv
-- Up-to-date: /home/bennett/github/PAI/Tank/ros2_ws/src/install/tank_navigation/share/tank_navigation/environment/path.sh
-- Up-to-date: /home/bennett/github/PAI/Tank/ros2_ws/src/install/tank_navigation/share/tank_navigation/environment/path.dsv
-- Up-to-date: /home/bennett/github/PAI/Tank/ros2_ws/src/install/tank_navigation/share/tank_navigation/local_setup.bash
-- Up-to-date: /home/bennett/github/PAI/Tank/ros2_ws/src/install/tank_navigation/share/tank_navigation/local_setup.sh
-- Up-to-date: /home/bennett/github/PAI/Tank/ros2_ws/src/install/tank_navigation/share/tank_navigation/local_setup.zsh
-- Up-to-date: /home/bennett/github/PAI/Tank/ros2_ws/src/install/tank_navigation/share/tank_navigation/local_setup.dsv
-- Installing: /home/bennett/github/PAI/Tank/ros2_ws/src/install/tank_navigation/share/tank_navigation/package.dsv
-- Up-to-date: /home/bennett/github/PAI/Tank/ros2_ws/src/install/tank_navigation/share/ament_index/resource_index/packages/tank_navigation
-- Up-to-date: /home/bennett/github/PAI/Tank/ros2_ws/src/install/tank_navigation/share/tank_navigation/cmake/tank_navigationConfig.cmake
-- Up-to-date: /home/bennett/github/PAI/Tank/ros2_ws/src/install/tank_navigation/share/tank_navigation/cmake/tank_navigationConfig-version.cmake
-- Up-to-date: /home/bennett/github/PAI/Tank/ros2_ws/src/install/tank_navigation/share/tank_navigation/package.xml
