running egg_info
creating ../build/yolov8_detector/yolov8_detector.egg-info
writing ../build/yolov8_detector/yolov8_detector.egg-info/PKG-INFO
writing dependency_links to ../build/yolov8_detector/yolov8_detector.egg-info/dependency_links.txt
writing entry points to ../build/yolov8_detector/yolov8_detector.egg-info/entry_points.txt
writing requirements to ../build/yolov8_detector/yolov8_detector.egg-info/requires.txt
writing top-level names to ../build/yolov8_detector/yolov8_detector.egg-info/top_level.txt
writing manifest file '../build/yolov8_detector/yolov8_detector.egg-info/SOURCES.txt'
reading manifest file '../build/yolov8_detector/yolov8_detector.egg-info/SOURCES.txt'
writing manifest file '../build/yolov8_detector/yolov8_detector.egg-info/SOURCES.txt'
running build
running build_py
creating /home/eyadmin/ros2_ws/src/build/yolov8_detector/build
creating /home/eyadmin/ros2_ws/src/build/yolov8_detector/build/lib
creating /home/eyadmin/ros2_ws/src/build/yolov8_detector/build/lib/yolov8_detector
copying yolov8_detector/yolov8_node.py -> /home/eyadmin/ros2_ws/src/build/yolov8_detector/build/lib/yolov8_detector
copying yolov8_detector/__init__.py -> /home/eyadmin/ros2_ws/src/build/yolov8_detector/build/lib/yolov8_detector
running install
running install_lib
creating /home/eyadmin/ros2_ws/src/install/yolov8_detector/lib/python3.10/site-packages/yolov8_detector
copying /home/eyadmin/ros2_ws/src/build/yolov8_detector/build/lib/yolov8_detector/yolov8_node.py -> /home/eyadmin/ros2_ws/src/install/yolov8_detector/lib/python3.10/site-packages/yolov8_detector
copying /home/eyadmin/ros2_ws/src/build/yolov8_detector/build/lib/yolov8_detector/__init__.py -> /home/eyadmin/ros2_ws/src/install/yolov8_detector/lib/python3.10/site-packages/yolov8_detector
byte-compiling /home/eyadmin/ros2_ws/src/install/yolov8_detector/lib/python3.10/site-packages/yolov8_detector/yolov8_node.py to yolov8_node.cpython-310.pyc
byte-compiling /home/eyadmin/ros2_ws/src/install/yolov8_detector/lib/python3.10/site-packages/yolov8_detector/__init__.py to __init__.cpython-310.pyc
running install_data
creating /home/eyadmin/ros2_ws/src/install/yolov8_detector/share/ament_index
creating /home/eyadmin/ros2_ws/src/install/yolov8_detector/share/ament_index/resource_index
creating /home/eyadmin/ros2_ws/src/install/yolov8_detector/share/ament_index/resource_index/packages
copying resource/yolov8_detector -> /home/eyadmin/ros2_ws/src/install/yolov8_detector/share/ament_index/resource_index/packages
copying package.xml -> /home/eyadmin/ros2_ws/src/install/yolov8_detector/share/yolov8_detector
running install_egg_info
Copying ../build/yolov8_detector/yolov8_detector.egg-info to /home/eyadmin/ros2_ws/src/install/yolov8_detector/lib/python3.10/site-packages/yolov8_detector-0.0.0-py3.10.egg-info
running install_scripts
Installing yolov8_node script to /home/eyadmin/ros2_ws/src/install/yolov8_detector/lib/yolov8_detector
writing list of installed files to '/home/eyadmin/ros2_ws/src/build/yolov8_detector/install.log'
