[0.872s] Invoking command in '/home/eyadmin/ros2_ws/src/yolov8_detector': PYTHONPATH=/home/eyadmin/ros2_ws/src/build/yolov8_detector/prefix_override:/usr/lib/python3/dist-packages/colcon_core/task/python/colcon_distutils_commands:/home/eyadmin/ros2_ws/src/install/yolov8_detector/lib/python3.10/site-packages:${PYTHONPATH} /usr/bin/python3 -W ignore:setup.py install is deprecated -W ignore:easy_install command is deprecated setup.py egg_info --egg-base ../build/yolov8_detector build --build-base /home/eyadmin/ros2_ws/src/build/yolov8_detector/build install --record /home/eyadmin/ros2_ws/src/build/yolov8_detector/install.log --single-version-externally-managed install_data
[1.196s] running egg_info
[1.197s] creating ../build/yolov8_detector/yolov8_detector.egg-info
[1.217s] writing ../build/yolov8_detector/yolov8_detector.egg-info/PKG-INFO
[1.217s] writing dependency_links to ../build/yolov8_detector/yolov8_detector.egg-info/dependency_links.txt
[1.217s] writing entry points to ../build/yolov8_detector/yolov8_detector.egg-info/entry_points.txt
[1.217s] writing requirements to ../build/yolov8_detector/yolov8_detector.egg-info/requires.txt
[1.217s] writing top-level names to ../build/yolov8_detector/yolov8_detector.egg-info/top_level.txt
[1.217s] writing manifest file '../build/yolov8_detector/yolov8_detector.egg-info/SOURCES.txt'
[1.241s] reading manifest file '../build/yolov8_detector/yolov8_detector.egg-info/SOURCES.txt'
[1.241s] writing manifest file '../build/yolov8_detector/yolov8_detector.egg-info/SOURCES.txt'
[1.242s] running build
[1.242s] running build_py
[1.242s] creating /home/eyadmin/ros2_ws/src/build/yolov8_detector/build
[1.242s] creating /home/eyadmin/ros2_ws/src/build/yolov8_detector/build/lib
[1.242s] creating /home/eyadmin/ros2_ws/src/build/yolov8_detector/build/lib/yolov8_detector
[1.242s] copying yolov8_detector/yolov8_node.py -> /home/eyadmin/ros2_ws/src/build/yolov8_detector/build/lib/yolov8_detector
[1.242s] copying yolov8_detector/__init__.py -> /home/eyadmin/ros2_ws/src/build/yolov8_detector/build/lib/yolov8_detector
[1.243s] running install
[1.247s] running install_lib
[1.259s] creating /home/eyadmin/ros2_ws/src/install/yolov8_detector/lib/python3.10/site-packages/yolov8_detector
[1.259s] copying /home/eyadmin/ros2_ws/src/build/yolov8_detector/build/lib/yolov8_detector/yolov8_node.py -> /home/eyadmin/ros2_ws/src/install/yolov8_detector/lib/python3.10/site-packages/yolov8_detector
[1.259s] copying /home/eyadmin/ros2_ws/src/build/yolov8_detector/build/lib/yolov8_detector/__init__.py -> /home/eyadmin/ros2_ws/src/install/yolov8_detector/lib/python3.10/site-packages/yolov8_detector
[1.259s] byte-compiling /home/eyadmin/ros2_ws/src/install/yolov8_detector/lib/python3.10/site-packages/yolov8_detector/yolov8_node.py to yolov8_node.cpython-310.pyc
[1.260s] byte-compiling /home/eyadmin/ros2_ws/src/install/yolov8_detector/lib/python3.10/site-packages/yolov8_detector/__init__.py to __init__.cpython-310.pyc
[1.260s] running install_data
[1.260s] creating /home/eyadmin/ros2_ws/src/install/yolov8_detector/share/ament_index
[1.260s] creating /home/eyadmin/ros2_ws/src/install/yolov8_detector/share/ament_index/resource_index
[1.260s] creating /home/eyadmin/ros2_ws/src/install/yolov8_detector/share/ament_index/resource_index/packages
[1.260s] copying resource/yolov8_detector -> /home/eyadmin/ros2_ws/src/install/yolov8_detector/share/ament_index/resource_index/packages
[1.260s] copying package.xml -> /home/eyadmin/ros2_ws/src/install/yolov8_detector/share/yolov8_detector
[1.261s] running install_egg_info
[1.274s] Copying ../build/yolov8_detector/yolov8_detector.egg-info to /home/eyadmin/ros2_ws/src/install/yolov8_detector/lib/python3.10/site-packages/yolov8_detector-0.0.0-py3.10.egg-info
[1.274s] running install_scripts
[1.324s] Installing yolov8_node script to /home/eyadmin/ros2_ws/src/install/yolov8_detector/lib/yolov8_detector
[1.325s] writing list of installed files to '/home/eyadmin/ros2_ws/src/build/yolov8_detector/install.log'
[1.363s] Invoked command in '/home/eyadmin/ros2_ws/src/yolov8_detector' returned '0': PYTHONPATH=/home/eyadmin/ros2_ws/src/build/yolov8_detector/prefix_override:/usr/lib/python3/dist-packages/colcon_core/task/python/colcon_distutils_commands:/home/eyadmin/ros2_ws/src/install/yolov8_detector/lib/python3.10/site-packages:${PYTHONPATH} /usr/bin/python3 -W ignore:setup.py install is deprecated -W ignore:easy_install command is deprecated setup.py egg_info --egg-base ../build/yolov8_detector build --build-base /home/eyadmin/ros2_ws/src/build/yolov8_detector/build install --record /home/eyadmin/ros2_ws/src/build/yolov8_detector/install.log --single-version-externally-managed install_data
