-- Found ament_cmake: 1.3.12 (/opt/ros/humble/share/ament_cmake/cmake)
-- Override CMake install command with custom implementation using symlinks instead of copying resources
-- Configuring done
-- Generating done
-- Build files have been written to: /home/bennett/github/PAI/Tank/ros2_ws/build/tank_navigation
-- Install configuration: ""
-- Execute custom install script
-- Symlinking: /home/bennett/github/PAI/Tank/ros2_ws/install/tank_navigation/share/tank_navigation/launch/tank_navigation.launch.py
-- Symlinking: /home/bennett/github/PAI/Tank/ros2_ws/install/tank_navigation/share/tank_navigation/params/tank_navigation_params.yaml
-- Symlinking: /home/bennett/github/PAI/Tank/ros2_ws/install/tank_navigation/share/tank_navigation/maps/tank_alpharetta_navigation.png
-- Symlinking: /home/bennett/github/PAI/Tank/ros2_ws/install/tank_navigation/share/tank_navigation/maps/tank_alpharetta_navigation.yaml
-- Symlinking: /home/bennett/github/PAI/Tank/ros2_ws/install/tank_navigation/share/tank_navigation/rviz2/tank_navigation.rviz
-- Symlinking: /home/bennett/github/PAI/Tank/ros2_ws/install/tank_navigation/share/tank_navigation/rviz2/tank_navigation_namespaced.rviz
-- Symlinking: /home/bennett/github/PAI/Tank/ros2_ws/install/tank_navigation/share/ament_index/resource_index/package_run_dependencies/tank_navigation
-- Symlinking: /home/bennett/github/PAI/Tank/ros2_ws/install/tank_navigation/share/ament_index/resource_index/parent_prefix_path/tank_navigation
-- Symlinking: /home/bennett/github/PAI/Tank/ros2_ws/install/tank_navigation/share/tank_navigation/environment/ament_prefix_path.sh
-- Symlinking: /home/bennett/github/PAI/Tank/ros2_ws/install/tank_navigation/share/tank_navigation/environment/ament_prefix_path.dsv
-- Symlinking: /home/bennett/github/PAI/Tank/ros2_ws/install/tank_navigation/share/tank_navigation/environment/path.sh
-- Symlinking: /home/bennett/github/PAI/Tank/ros2_ws/install/tank_navigation/share/tank_navigation/environment/path.dsv
-- Symlinking: /home/bennett/github/PAI/Tank/ros2_ws/install/tank_navigation/share/tank_navigation/local_setup.bash
-- Symlinking: /home/bennett/github/PAI/Tank/ros2_ws/install/tank_navigation/share/tank_navigation/local_setup.sh
-- Symlinking: /home/bennett/github/PAI/Tank/ros2_ws/install/tank_navigation/share/tank_navigation/local_setup.zsh
-- Symlinking: /home/bennett/github/PAI/Tank/ros2_ws/install/tank_navigation/share/tank_navigation/local_setup.dsv
-- Symlinking: /home/bennett/github/PAI/Tank/ros2_ws/install/tank_navigation/share/tank_navigation/package.dsv
-- Symlinking: /home/bennett/github/PAI/Tank/ros2_ws/install/tank_navigation/share/ament_index/resource_index/packages/tank_navigation
-- Symlinking: /home/bennett/github/PAI/Tank/ros2_ws/install/tank_navigation/share/tank_navigation/cmake/tank_navigationConfig.cmake
-- Symlinking: /home/bennett/github/PAI/Tank/ros2_ws/install/tank_navigation/share/tank_navigation/cmake/tank_navigationConfig-version.cmake
-- Symlinking: /home/bennett/github/PAI/Tank/ros2_ws/install/tank_navigation/share/tank_navigation/package.xml
