[0.006s] Invoking command in '/home/bennett/github/PAI/Tank/ros2_ws/build/tank_navigation': CMAKE_PREFIX_PATH=/opt/ros/humble /usr/bin/cmake /home/bennett/github/PAI/Tank/ros2_ws/src/navigation/tank_navigation -DAMENT_CMAKE_SYMLINK_INSTALL=1 -DCMAKE_INSTALL_PREFIX=/home/bennett/github/PAI/Tank/ros2_ws/install/tank_navigation
[0.015s] -- Found ament_cmake: 1.3.12 (/opt/ros/humble/share/ament_cmake/cmake)
[0.078s] -- Override CMake install command with custom implementation using symlinks instead of copying resources
[0.120s] -- Configuring done
[0.121s] -- Generating done
[0.122s] -- Build files have been written to: /home/bennett/github/PAI/Tank/ros2_ws/build/tank_navigation
[0.125s] Invoked command in '/home/bennett/github/PAI/Tank/ros2_ws/build/tank_navigation' returned '0': CMAKE_PREFIX_PATH=/opt/ros/humble /usr/bin/cmake /home/bennett/github/PAI/Tank/ros2_ws/src/navigation/tank_navigation -DAMENT_CMAKE_SYMLINK_INSTALL=1 -DCMAKE_INSTALL_PREFIX=/home/bennett/github/PAI/Tank/ros2_ws/install/tank_navigation
[0.126s] Invoking command in '/home/bennett/github/PAI/Tank/ros2_ws/build/tank_navigation': CMAKE_PREFIX_PATH=/opt/ros/humble /usr/bin/cmake --build /home/bennett/github/PAI/Tank/ros2_ws/build/tank_navigation -- -j24 -l24
[0.147s] Invoked command in '/home/bennett/github/PAI/Tank/ros2_ws/build/tank_navigation' returned '0': CMAKE_PREFIX_PATH=/opt/ros/humble /usr/bin/cmake --build /home/bennett/github/PAI/Tank/ros2_ws/build/tank_navigation -- -j24 -l24
[0.153s] Invoking command in '/home/bennett/github/PAI/Tank/ros2_ws/build/tank_navigation': CMAKE_PREFIX_PATH=/opt/ros/humble /usr/bin/cmake --install /home/bennett/github/PAI/Tank/ros2_ws/build/tank_navigation
[0.156s] -- Install configuration: ""
[0.156s] -- Execute custom install script
[0.156s] -- Symlinking: /home/bennett/github/PAI/Tank/ros2_ws/install/tank_navigation/share/tank_navigation/launch/tank_navigation.launch.py
[0.160s] -- Symlinking: /home/bennett/github/PAI/Tank/ros2_ws/install/tank_navigation/share/tank_navigation/params/tank_navigation_params.yaml
[0.165s] -- Symlinking: /home/bennett/github/PAI/Tank/ros2_ws/install/tank_navigation/share/tank_navigation/maps/tank_alpharetta_navigation.png
[0.169s] -- Symlinking: /home/bennett/github/PAI/Tank/ros2_ws/install/tank_navigation/share/tank_navigation/maps/tank_alpharetta_navigation.yaml
[0.173s] -- Symlinking: /home/bennett/github/PAI/Tank/ros2_ws/install/tank_navigation/share/tank_navigation/rviz2/tank_navigation.rviz
[0.178s] -- Symlinking: /home/bennett/github/PAI/Tank/ros2_ws/install/tank_navigation/share/tank_navigation/rviz2/tank_navigation_namespaced.rviz
[0.181s] -- Symlinking: /home/bennett/github/PAI/Tank/ros2_ws/install/tank_navigation/share/ament_index/resource_index/package_run_dependencies/tank_navigation
[0.186s] -- Symlinking: /home/bennett/github/PAI/Tank/ros2_ws/install/tank_navigation/share/ament_index/resource_index/parent_prefix_path/tank_navigation
[0.189s] -- Symlinking: /home/bennett/github/PAI/Tank/ros2_ws/install/tank_navigation/share/tank_navigation/environment/ament_prefix_path.sh
[0.194s] -- Symlinking: /home/bennett/github/PAI/Tank/ros2_ws/install/tank_navigation/share/tank_navigation/environment/ament_prefix_path.dsv
[0.197s] -- Symlinking: /home/bennett/github/PAI/Tank/ros2_ws/install/tank_navigation/share/tank_navigation/environment/path.sh
[0.201s] -- Symlinking: /home/bennett/github/PAI/Tank/ros2_ws/install/tank_navigation/share/tank_navigation/environment/path.dsv
[0.204s] -- Symlinking: /home/bennett/github/PAI/Tank/ros2_ws/install/tank_navigation/share/tank_navigation/local_setup.bash
[0.209s] -- Symlinking: /home/bennett/github/PAI/Tank/ros2_ws/install/tank_navigation/share/tank_navigation/local_setup.sh
[0.213s] -- Symlinking: /home/bennett/github/PAI/Tank/ros2_ws/install/tank_navigation/share/tank_navigation/local_setup.zsh
[0.218s] -- Symlinking: /home/bennett/github/PAI/Tank/ros2_ws/install/tank_navigation/share/tank_navigation/local_setup.dsv
[0.222s] -- Symlinking: /home/bennett/github/PAI/Tank/ros2_ws/install/tank_navigation/share/tank_navigation/package.dsv
[0.226s] -- Symlinking: /home/bennett/github/PAI/Tank/ros2_ws/install/tank_navigation/share/ament_index/resource_index/packages/tank_navigation
[0.230s] -- Symlinking: /home/bennett/github/PAI/Tank/ros2_ws/install/tank_navigation/share/tank_navigation/cmake/tank_navigationConfig.cmake
[0.236s] -- Symlinking: /home/bennett/github/PAI/Tank/ros2_ws/install/tank_navigation/share/tank_navigation/cmake/tank_navigationConfig-version.cmake
[0.240s] -- Symlinking: /home/bennett/github/PAI/Tank/ros2_ws/install/tank_navigation/share/tank_navigation/package.xml
[0.246s] Invoked command in '/home/bennett/github/PAI/Tank/ros2_ws/build/tank_navigation' returned '0': CMAKE_PREFIX_PATH=/opt/ros/humble /usr/bin/cmake --install /home/bennett/github/PAI/Tank/ros2_ws/build/tank_navigation
