[0.250s] Invoking command in '/home/bennett/github/PAI/Tank/ros2_ws/src/yolov8_detector': PYTHONPATH=/home/bennett/github/PAI/Tank/ros2_ws/src/build/yolov8_detector/prefix_override:/usr/lib/python3/dist-packages/colcon_core/task/python/colcon_distutils_commands:/home/bennett/github/PAI/Tank/ros2_ws/src/install/yolov8_detector/lib/python3.10/site-packages:${PYTHONPATH} /usr/bin/python3 -W ignore:setup.py install is deprecated -W ignore:easy_install command is deprecated setup.py egg_info --egg-base ../build/yolov8_detector build --build-base /home/bennett/github/PAI/Tank/ros2_ws/src/build/yolov8_detector/build install --record /home/bennett/github/PAI/Tank/ros2_ws/src/build/yolov8_detector/install.log --single-version-externally-managed install_data
[0.342s] running egg_info
[0.343s] writing ../build/yolov8_detector/yolov8_detector.egg-info/PKG-INFO
[0.343s] writing dependency_links to ../build/yolov8_detector/yolov8_detector.egg-info/dependency_links.txt
[0.343s] writing entry points to ../build/yolov8_detector/yolov8_detector.egg-info/entry_points.txt
[0.343s] writing requirements to ../build/yolov8_detector/yolov8_detector.egg-info/requires.txt
[0.343s] writing top-level names to ../build/yolov8_detector/yolov8_detector.egg-info/top_level.txt
[0.344s] reading manifest file '../build/yolov8_detector/yolov8_detector.egg-info/SOURCES.txt'
[0.344s] writing manifest file '../build/yolov8_detector/yolov8_detector.egg-info/SOURCES.txt'
[0.344s] running build
[0.344s] running build_py
[0.345s] running install
[0.345s] running install_lib
[0.345s] running install_data
[0.345s] running install_egg_info
[0.345s] removing '/home/bennett/github/PAI/Tank/ros2_ws/src/install/yolov8_detector/lib/python3.10/site-packages/yolov8_detector-0.0.0-py3.10.egg-info' (and everything under it)
[0.346s] Copying ../build/yolov8_detector/yolov8_detector.egg-info to /home/bennett/github/PAI/Tank/ros2_ws/src/install/yolov8_detector/lib/python3.10/site-packages/yolov8_detector-0.0.0-py3.10.egg-info
[0.346s] running install_scripts
[0.356s] Installing yolov8_node script to /home/bennett/github/PAI/Tank/ros2_ws/src/install/yolov8_detector/lib/yolov8_detector
[0.356s] writing list of installed files to '/home/bennett/github/PAI/Tank/ros2_ws/src/build/yolov8_detector/install.log'
[0.368s] Invoked command in '/home/bennett/github/PAI/Tank/ros2_ws/src/yolov8_detector' returned '0': PYTHONPATH=/home/bennett/github/PAI/Tank/ros2_ws/src/build/yolov8_detector/prefix_override:/usr/lib/python3/dist-packages/colcon_core/task/python/colcon_distutils_commands:/home/bennett/github/PAI/Tank/ros2_ws/src/install/yolov8_detector/lib/python3.10/site-packages:${PYTHONPATH} /usr/bin/python3 -W ignore:setup.py install is deprecated -W ignore:easy_install command is deprecated setup.py egg_info --egg-base ../build/yolov8_detector build --build-base /home/bennett/github/PAI/Tank/ros2_ws/src/build/yolov8_detector/build install --record /home/bennett/github/PAI/Tank/ros2_ws/src/build/yolov8_detector/install.log --single-version-externally-managed install_data
