[0.007s] Invoking command in '/home/bennett/github/PAI/Tank/ros2_ws/build/tank_navigation': /usr/bin/cmake /home/bennett/github/PAI/Tank/ros2_ws/src/navigation/tank_navigation -DAMENT_CMAKE_SYMLINK_INSTALL=1 -DCMAKE_INSTALL_PREFIX=/home/bennett/github/PAI/Tank/ros2_ws/install/tank_navigation
[0.027s] -- Found ament_cmake: 1.3.12 (/opt/ros/humble/share/ament_cmake/cmake)
[0.098s] Traceback (most recent call last):
[0.098s]   File "/opt/ros/humble/share/ament_cmake_core/cmake/package_templates/templates_2_cmake.py", line 21, in <module>
[0.098s]     from ament_package.templates import get_environment_hook_template_path
[0.098s] ModuleNotFoundError: No module named 'ament_package'
[0.100s] [31mCMake Error at /opt/ros/humble/share/ament_cmake_core/cmake/ament_cmake_package_templates-extras.cmake:41 (message):
[0.100s]   execute_process(/usr/bin/python3
[0.100s]   /opt/ros/humble/share/ament_cmake_core/cmake/package_templates/templates_2_cmake.py
[0.100s]   /home/bennett/github/PAI/Tank/ros2_ws/build/tank_navigation/ament_cmake_package_templates/templates.cmake)
[0.100s]   returned error code 1
[0.100s] Call Stack (most recent call first):
[0.100s]   /opt/ros/humble/share/ament_cmake_core/cmake/ament_cmake_coreConfig.cmake:41 (include)
[0.100s]   /opt/ros/humble/share/ament_cmake/cmake/ament_cmake_export_dependencies-extras.cmake:15 (find_package)
[0.100s]   /opt/ros/humble/share/ament_cmake/cmake/ament_cmakeConfig.cmake:41 (include)
[0.100s]   CMakeLists.txt:4 (find_package)
[0.100s] 
[0.100s] [0m
[0.100s] -- Configuring incomplete, errors occurred!
[0.100s] See also "/home/bennett/github/PAI/Tank/ros2_ws/build/tank_navigation/CMakeFiles/CMakeOutput.log".
[0.106s] Invoked command in '/home/bennett/github/PAI/Tank/ros2_ws/build/tank_navigation' returned '1': /usr/bin/cmake /home/bennett/github/PAI/Tank/ros2_ws/src/navigation/tank_navigation -DAMENT_CMAKE_SYMLINK_INSTALL=1 -DCMAKE_INSTALL_PREFIX=/home/bennett/github/PAI/Tank/ros2_ws/install/tank_navigation
