[0.880s] Invoking command in '/home/eyadmin/ros2_ws/src/yolov8_detector': PYTHONPATH=/home/eyadmin/ros2_ws/src/build/yolov8_detector/prefix_override:/usr/lib/python3/dist-packages/colcon_core/task/python/colcon_distutils_commands:/home/eyadmin/ros2_ws/src/install/yolov8_detector/lib/python3.10/site-packages:${PYTHONPATH} /usr/bin/python3 -W ignore:setup.py install is deprecated -W ignore:easy_install command is deprecated setup.py egg_info --egg-base ../build/yolov8_detector build --build-base /home/eyadmin/ros2_ws/src/build/yolov8_detector/build install --record /home/eyadmin/ros2_ws/src/build/yolov8_detector/install.log --single-version-externally-managed install_data
[1.220s] running egg_info
[1.241s] writing ../build/yolov8_detector/yolov8_detector.egg-info/PKG-INFO
[1.241s] writing dependency_links to ../build/yolov8_detector/yolov8_detector.egg-info/dependency_links.txt
[1.241s] writing entry points to ../build/yolov8_detector/yolov8_detector.egg-info/entry_points.txt
[1.242s] writing requirements to ../build/yolov8_detector/yolov8_detector.egg-info/requires.txt
[1.242s] writing top-level names to ../build/yolov8_detector/yolov8_detector.egg-info/top_level.txt
[1.265s] reading manifest file '../build/yolov8_detector/yolov8_detector.egg-info/SOURCES.txt'
[1.266s] writing manifest file '../build/yolov8_detector/yolov8_detector.egg-info/SOURCES.txt'
[1.266s] running build
[1.266s] running build_py
[1.266s] running install
[1.271s] running install_lib
[1.285s] running install_data
[1.285s] running install_egg_info
[1.296s] removing '/home/eyadmin/ros2_ws/src/install/yolov8_detector/lib/python3.10/site-packages/yolov8_detector-0.0.0-py3.10.egg-info' (and everything under it)
[1.296s] Copying ../build/yolov8_detector/yolov8_detector.egg-info to /home/eyadmin/ros2_ws/src/install/yolov8_detector/lib/python3.10/site-packages/yolov8_detector-0.0.0-py3.10.egg-info
[1.297s] running install_scripts
[1.348s] Installing yolov8_node script to /home/eyadmin/ros2_ws/src/install/yolov8_detector/lib/yolov8_detector
[1.348s] writing list of installed files to '/home/eyadmin/ros2_ws/src/build/yolov8_detector/install.log'
[1.388s] Invoked command in '/home/eyadmin/ros2_ws/src/yolov8_detector' returned '0': PYTHONPATH=/home/eyadmin/ros2_ws/src/build/yolov8_detector/prefix_override:/usr/lib/python3/dist-packages/colcon_core/task/python/colcon_distutils_commands:/home/eyadmin/ros2_ws/src/install/yolov8_detector/lib/python3.10/site-packages:${PYTHONPATH} /usr/bin/python3 -W ignore:setup.py install is deprecated -W ignore:easy_install command is deprecated setup.py egg_info --egg-base ../build/yolov8_detector build --build-base /home/eyadmin/ros2_ws/src/build/yolov8_detector/build install --record /home/eyadmin/ros2_ws/src/build/yolov8_detector/install.log --single-version-externally-managed install_data
