[0.044s] DEBUG:colcon:Command line arguments: ['/usr/bin/colcon', 'build']
[0.044s] DEBUG:colcon:Parsed command line arguments: Namespace(log_base=None, log_level=None, verb_name='build', build_base='build', install_base='install', merge_install=False, symlink_install=False, test_result_base=None, continue_on_error=False, executor='parallel', parallel_workers=24, event_handlers=None, ignore_user_meta=False, metas=['./colcon.meta'], base_paths=['.'], packages_ignore=None, packages_ignore_regex=None, paths=None, packages_up_to=None, packages_up_to_regex=None, packages_above=None, packages_above_and_dependencies=None, packages_above_depth=None, packages_select_by_dep=None, packages_skip_by_dep=None, packages_skip_up_to=None, packages_select_build_failed=False, packages_skip_build_finished=False, packages_select_test_failures=False, packages_skip_test_passed=False, packages_select=None, packages_skip=None, packages_select_regex=None, packages_skip_regex=None, packages_start=None, packages_end=None, allow_overriding=[], cmake_args=None, cmake_target=None, cmake_target_skip_unavailable=False, cmake_clean_cache=False, cmake_clean_first=False, cmake_force_configure=False, ament_cmake_args=None, catkin_cmake_args=None, catkin_skip_building_tests=False, mixin_files=None, mixin=None, verb_parser=<colcon_mixin.mixin.mixin_argument.MixinArgumentDecorator object at 0x7cd52ca35180>, verb_extension=<colcon_core.verb.build.BuildVerb object at 0x7cd52cbaead0>, main=<bound method BuildVerb.main of <colcon_core.verb.build.BuildVerb object at 0x7cd52cbaead0>>, mixin_verb=('build',))
[0.096s] Level 1:colcon.colcon_core.package_discovery:discover_packages(colcon_meta) check parameters
[0.096s] Level 1:colcon.colcon_core.package_discovery:discover_packages(recursive) check parameters
[0.096s] Level 1:colcon.colcon_core.package_discovery:discover_packages(ignore) check parameters
[0.096s] Level 1:colcon.colcon_core.package_discovery:discover_packages(path) check parameters
[0.096s] Level 1:colcon.colcon_core.package_discovery:discover_packages(colcon_meta) discover
[0.096s] Level 1:colcon.colcon_core.package_discovery:discover_packages(recursive) discover
[0.096s] INFO:colcon.colcon_core.package_discovery:Crawling recursively for packages in '/home/bennett/github/PAI/Tank/ros2_ws/src'
[0.096s] Level 1:colcon.colcon_core.package_identification:_identify(.) by extensions ['ignore', 'ignore_ament_install']
[0.096s] Level 1:colcon.colcon_core.package_identification:_identify(.) by extension 'ignore'
[0.096s] Level 1:colcon.colcon_core.package_identification:_identify(.) by extension 'ignore_ament_install'
[0.096s] Level 1:colcon.colcon_core.package_identification:_identify(.) by extensions ['colcon_pkg']
[0.096s] Level 1:colcon.colcon_core.package_identification:_identify(.) by extension 'colcon_pkg'
[0.096s] Level 1:colcon.colcon_core.package_identification:_identify(.) by extensions ['colcon_meta']
[0.096s] Level 1:colcon.colcon_core.package_identification:_identify(.) by extension 'colcon_meta'
[0.096s] Level 1:colcon.colcon_core.package_identification:_identify(.) by extensions ['ros']
[0.096s] Level 1:colcon.colcon_core.package_identification:_identify(.) by extension 'ros'
[0.101s] Level 1:colcon.colcon_core.package_identification:_identify(.) by extensions ['cmake', 'python']
[0.101s] Level 1:colcon.colcon_core.package_identification:_identify(.) by extension 'cmake'
[0.101s] Level 1:colcon.colcon_core.package_identification:_identify(.) by extension 'python'
[0.101s] Level 1:colcon.colcon_core.package_identification:_identify(.) by extensions ['python_setup_py']
[0.101s] Level 1:colcon.colcon_core.package_identification:_identify(.) by extension 'python_setup_py'
[0.101s] Level 1:colcon.colcon_core.package_identification:_identify(build) by extensions ['ignore', 'ignore_ament_install']
[0.101s] Level 1:colcon.colcon_core.package_identification:_identify(build) by extension 'ignore'
[0.101s] Level 1:colcon.colcon_core.package_identification:_identify(build) ignored
[0.101s] Level 1:colcon.colcon_core.package_identification:_identify(install) by extensions ['ignore', 'ignore_ament_install']
[0.101s] Level 1:colcon.colcon_core.package_identification:_identify(install) by extension 'ignore'
[0.101s] Level 1:colcon.colcon_core.package_identification:_identify(install) ignored
[0.101s] Level 1:colcon.colcon_core.package_identification:_identify(log) by extensions ['ignore', 'ignore_ament_install']
[0.101s] Level 1:colcon.colcon_core.package_identification:_identify(log) by extension 'ignore'
[0.101s] Level 1:colcon.colcon_core.package_identification:_identify(log) ignored
[0.101s] Level 1:colcon.colcon_core.package_identification:_identify(navigation) by extensions ['ignore', 'ignore_ament_install']
[0.101s] Level 1:colcon.colcon_core.package_identification:_identify(navigation) by extension 'ignore'
[0.101s] Level 1:colcon.colcon_core.package_identification:_identify(navigation) by extension 'ignore_ament_install'
[0.101s] Level 1:colcon.colcon_core.package_identification:_identify(navigation) by extensions ['colcon_pkg']
[0.101s] Level 1:colcon.colcon_core.package_identification:_identify(navigation) by extension 'colcon_pkg'
[0.101s] Level 1:colcon.colcon_core.package_identification:_identify(navigation) by extensions ['colcon_meta']
[0.101s] Level 1:colcon.colcon_core.package_identification:_identify(navigation) by extension 'colcon_meta'
[0.101s] Level 1:colcon.colcon_core.package_identification:_identify(navigation) by extensions ['ros']
[0.101s] Level 1:colcon.colcon_core.package_identification:_identify(navigation) by extension 'ros'
[0.101s] Level 1:colcon.colcon_core.package_identification:_identify(navigation) by extensions ['cmake', 'python']
[0.101s] Level 1:colcon.colcon_core.package_identification:_identify(navigation) by extension 'cmake'
[0.101s] Level 1:colcon.colcon_core.package_identification:_identify(navigation) by extension 'python'
[0.101s] Level 1:colcon.colcon_core.package_identification:_identify(navigation) by extensions ['python_setup_py']
[0.101s] Level 1:colcon.colcon_core.package_identification:_identify(navigation) by extension 'python_setup_py'
[0.101s] Level 1:colcon.colcon_core.package_identification:_identify(navigation/tank_navigation) by extensions ['ignore', 'ignore_ament_install']
[0.101s] Level 1:colcon.colcon_core.package_identification:_identify(navigation/tank_navigation) by extension 'ignore'
[0.101s] Level 1:colcon.colcon_core.package_identification:_identify(navigation/tank_navigation) by extension 'ignore_ament_install'
[0.101s] Level 1:colcon.colcon_core.package_identification:_identify(navigation/tank_navigation) by extensions ['colcon_pkg']
[0.101s] Level 1:colcon.colcon_core.package_identification:_identify(navigation/tank_navigation) by extension 'colcon_pkg'
[0.101s] Level 1:colcon.colcon_core.package_identification:_identify(navigation/tank_navigation) by extensions ['colcon_meta']
[0.101s] Level 1:colcon.colcon_core.package_identification:_identify(navigation/tank_navigation) by extension 'colcon_meta'
[0.101s] Level 1:colcon.colcon_core.package_identification:_identify(navigation/tank_navigation) by extensions ['ros']
[0.101s] Level 1:colcon.colcon_core.package_identification:_identify(navigation/tank_navigation) by extension 'ros'
[0.103s] DEBUG:colcon.colcon_core.package_identification:Package 'navigation/tank_navigation' with type 'ros.ament_cmake' and name 'tank_navigation'
[0.103s] Level 1:colcon.colcon_core.package_identification:_identify(yolov8_detector) by extensions ['ignore', 'ignore_ament_install']
[0.103s] Level 1:colcon.colcon_core.package_identification:_identify(yolov8_detector) by extension 'ignore'
[0.103s] Level 1:colcon.colcon_core.package_identification:_identify(yolov8_detector) by extension 'ignore_ament_install'
[0.103s] Level 1:colcon.colcon_core.package_identification:_identify(yolov8_detector) by extensions ['colcon_pkg']
[0.103s] Level 1:colcon.colcon_core.package_identification:_identify(yolov8_detector) by extension 'colcon_pkg'
[0.103s] Level 1:colcon.colcon_core.package_identification:_identify(yolov8_detector) by extensions ['colcon_meta']
[0.103s] Level 1:colcon.colcon_core.package_identification:_identify(yolov8_detector) by extension 'colcon_meta'
[0.103s] Level 1:colcon.colcon_core.package_identification:_identify(yolov8_detector) by extensions ['ros']
[0.103s] Level 1:colcon.colcon_core.package_identification:_identify(yolov8_detector) by extension 'ros'
[0.104s] DEBUG:colcon.colcon_core.package_identification:Package 'yolov8_detector' with type 'ros.ament_python' and name 'yolov8_detector'
[0.104s] Level 1:colcon.colcon_core.package_discovery:discover_packages(recursive) using defaults
[0.104s] Level 1:colcon.colcon_core.package_discovery:discover_packages(ignore) discover
[0.104s] Level 1:colcon.colcon_core.package_discovery:discover_packages(ignore) using defaults
[0.104s] Level 1:colcon.colcon_core.package_discovery:discover_packages(path) discover
[0.104s] Level 1:colcon.colcon_core.package_discovery:discover_packages(path) using defaults
[0.112s] Level 1:colcon.colcon_core.package_discovery:discover_packages(prefix_path) check parameters
[0.112s] Level 1:colcon.colcon_core.package_discovery:discover_packages(prefix_path) discover
[0.113s] Level 1:colcon.colcon_core.package_discovery:discover_packages(prefix_path) using defaults
[0.113s] Level 5:colcon.colcon_core.verb:set package 'tank_navigation' build argument 'cmake_args' from command line to 'None'
[0.113s] Level 5:colcon.colcon_core.verb:set package 'tank_navigation' build argument 'cmake_target' from command line to 'None'
[0.113s] Level 5:colcon.colcon_core.verb:set package 'tank_navigation' build argument 'cmake_target_skip_unavailable' from command line to 'False'
[0.113s] Level 5:colcon.colcon_core.verb:set package 'tank_navigation' build argument 'cmake_clean_cache' from command line to 'False'
[0.113s] Level 5:colcon.colcon_core.verb:set package 'tank_navigation' build argument 'cmake_clean_first' from command line to 'False'
[0.113s] Level 5:colcon.colcon_core.verb:set package 'tank_navigation' build argument 'cmake_force_configure' from command line to 'False'
[0.113s] Level 5:colcon.colcon_core.verb:set package 'tank_navigation' build argument 'ament_cmake_args' from command line to 'None'
[0.113s] Level 5:colcon.colcon_core.verb:set package 'tank_navigation' build argument 'catkin_cmake_args' from command line to 'None'
[0.113s] Level 5:colcon.colcon_core.verb:set package 'tank_navigation' build argument 'catkin_skip_building_tests' from command line to 'False'
[0.113s] DEBUG:colcon.colcon_core.verb:Building package 'tank_navigation' with the following arguments: {'ament_cmake_args': None, 'build_base': '/home/bennett/github/PAI/Tank/ros2_ws/src/build/tank_navigation', 'catkin_cmake_args': None, 'catkin_skip_building_tests': False, 'cmake_args': None, 'cmake_clean_cache': False, 'cmake_clean_first': False, 'cmake_force_configure': False, 'cmake_target': None, 'cmake_target_skip_unavailable': False, 'install_base': '/home/bennett/github/PAI/Tank/ros2_ws/src/install/tank_navigation', 'merge_install': False, 'path': '/home/bennett/github/PAI/Tank/ros2_ws/src/navigation/tank_navigation', 'symlink_install': False, 'test_result_base': None}
[0.113s] Level 5:colcon.colcon_core.verb:set package 'yolov8_detector' build argument 'cmake_args' from command line to 'None'
[0.113s] Level 5:colcon.colcon_core.verb:set package 'yolov8_detector' build argument 'cmake_target' from command line to 'None'
[0.113s] Level 5:colcon.colcon_core.verb:set package 'yolov8_detector' build argument 'cmake_target_skip_unavailable' from command line to 'False'
[0.113s] Level 5:colcon.colcon_core.verb:set package 'yolov8_detector' build argument 'cmake_clean_cache' from command line to 'False'
[0.113s] Level 5:colcon.colcon_core.verb:set package 'yolov8_detector' build argument 'cmake_clean_first' from command line to 'False'
[0.113s] Level 5:colcon.colcon_core.verb:set package 'yolov8_detector' build argument 'cmake_force_configure' from command line to 'False'
[0.113s] Level 5:colcon.colcon_core.verb:set package 'yolov8_detector' build argument 'ament_cmake_args' from command line to 'None'
[0.113s] Level 5:colcon.colcon_core.verb:set package 'yolov8_detector' build argument 'catkin_cmake_args' from command line to 'None'
[0.113s] Level 5:colcon.colcon_core.verb:set package 'yolov8_detector' build argument 'catkin_skip_building_tests' from command line to 'False'
[0.113s] DEBUG:colcon.colcon_core.verb:Building package 'yolov8_detector' with the following arguments: {'ament_cmake_args': None, 'build_base': '/home/bennett/github/PAI/Tank/ros2_ws/src/build/yolov8_detector', 'catkin_cmake_args': None, 'catkin_skip_building_tests': False, 'cmake_args': None, 'cmake_clean_cache': False, 'cmake_clean_first': False, 'cmake_force_configure': False, 'cmake_target': None, 'cmake_target_skip_unavailable': False, 'install_base': '/home/bennett/github/PAI/Tank/ros2_ws/src/install/yolov8_detector', 'merge_install': False, 'path': '/home/bennett/github/PAI/Tank/ros2_ws/src/yolov8_detector', 'symlink_install': False, 'test_result_base': None}
[0.113s] INFO:colcon.colcon_core.executor:Executing jobs using 'parallel' executor
[0.114s] DEBUG:colcon.colcon_parallel_executor.executor.parallel:run_until_complete
[0.114s] INFO:colcon.colcon_ros.task.ament_cmake.build:Building ROS package in '/home/bennett/github/PAI/Tank/ros2_ws/src/navigation/tank_navigation' with build type 'ament_cmake'
[0.114s] INFO:colcon.colcon_cmake.task.cmake.build:Building CMake package in '/home/bennett/github/PAI/Tank/ros2_ws/src/navigation/tank_navigation'
[0.115s] INFO:colcon.colcon_core.plugin_system:Skipping extension 'colcon_core.shell.bat': Not used on non-Windows systems
[0.115s] INFO:colcon.colcon_core.shell:Skip shell extension 'powershell' for command environment: Not usable outside of PowerShell
[0.115s] DEBUG:colcon.colcon_core.shell:Skip shell extension 'dsv' for command environment
[0.116s] INFO:colcon.colcon_ros.task.ament_python.build:Building ROS package in '/home/bennett/github/PAI/Tank/ros2_ws/src/yolov8_detector' with build type 'ament_python'
[0.116s] Level 1:colcon.colcon_core.shell:create_environment_hook('yolov8_detector', 'ament_prefix_path')
[0.116s] INFO:colcon.colcon_core.shell:Creating environment hook '/home/bennett/github/PAI/Tank/ros2_ws/src/install/yolov8_detector/share/yolov8_detector/hook/ament_prefix_path.ps1'
[0.117s] INFO:colcon.colcon_core.shell:Creating environment descriptor '/home/bennett/github/PAI/Tank/ros2_ws/src/install/yolov8_detector/share/yolov8_detector/hook/ament_prefix_path.dsv'
[0.117s] INFO:colcon.colcon_core.shell:Creating environment hook '/home/bennett/github/PAI/Tank/ros2_ws/src/install/yolov8_detector/share/yolov8_detector/hook/ament_prefix_path.sh'
[0.118s] INFO:colcon.colcon_core.shell:Skip shell extension 'powershell' for command environment: Not usable outside of PowerShell
[0.118s] DEBUG:colcon.colcon_core.shell:Skip shell extension 'dsv' for command environment
[0.121s] DEBUG:colcon.colcon_core.event_handler.log_command:Invoking command in '/home/bennett/github/PAI/Tank/ros2_ws/src/build/tank_navigation': /usr/bin/cmake --build /home/bennett/github/PAI/Tank/ros2_ws/src/build/tank_navigation -- -j24 -l24
[0.213s] INFO:colcon.colcon_core.task.python.build:Building Python package in '/home/bennett/github/PAI/Tank/ros2_ws/src/yolov8_detector'
[0.213s] INFO:colcon.colcon_core.shell:Skip shell extension 'powershell' for command environment: Not usable outside of PowerShell
[0.213s] DEBUG:colcon.colcon_core.shell:Skip shell extension 'dsv' for command environment
[0.218s] DEBUG:colcon.colcon_core.event_handler.log_command:Invoked command in '/home/bennett/github/PAI/Tank/ros2_ws/src/build/tank_navigation' returned '0': /usr/bin/cmake --build /home/bennett/github/PAI/Tank/ros2_ws/src/build/tank_navigation -- -j24 -l24
[0.221s] DEBUG:colcon.colcon_core.event_handler.log_command:Invoking command in '/home/bennett/github/PAI/Tank/ros2_ws/src/build/tank_navigation': /usr/bin/cmake --install /home/bennett/github/PAI/Tank/ros2_ws/src/build/tank_navigation
[0.226s] Level 1:colcon.colcon_core.environment:create_environment_scripts_only(tank_navigation)
[0.227s] DEBUG:colcon.colcon_core.event_handler.log_command:Invoked command in '/home/bennett/github/PAI/Tank/ros2_ws/src/build/tank_navigation' returned '0': /usr/bin/cmake --install /home/bennett/github/PAI/Tank/ros2_ws/src/build/tank_navigation
[0.228s] Level 1:colcon.colcon_core.environment:checking '/home/bennett/github/PAI/Tank/ros2_ws/src/install/tank_navigation' for CMake module files
[0.228s] Level 1:colcon.colcon_core.environment:checking '/home/bennett/github/PAI/Tank/ros2_ws/src/install/tank_navigation' for CMake config files
[0.228s] Level 1:colcon.colcon_core.shell:create_environment_hook('tank_navigation', 'cmake_prefix_path')
[0.228s] INFO:colcon.colcon_core.shell:Creating environment hook '/home/bennett/github/PAI/Tank/ros2_ws/src/install/tank_navigation/share/tank_navigation/hook/cmake_prefix_path.ps1'
[0.228s] INFO:colcon.colcon_core.shell:Creating environment descriptor '/home/bennett/github/PAI/Tank/ros2_ws/src/install/tank_navigation/share/tank_navigation/hook/cmake_prefix_path.dsv'
[0.228s] INFO:colcon.colcon_core.shell:Creating environment hook '/home/bennett/github/PAI/Tank/ros2_ws/src/install/tank_navigation/share/tank_navigation/hook/cmake_prefix_path.sh'
[0.229s] Level 1:colcon.colcon_core.environment:checking '/home/bennett/github/PAI/Tank/ros2_ws/src/install/tank_navigation/bin'
[0.229s] Level 1:colcon.colcon_core.environment:checking '/home/bennett/github/PAI/Tank/ros2_ws/src/install/tank_navigation/lib/pkgconfig/tank_navigation.pc'
[0.229s] Level 1:colcon.colcon_core.environment:checking '/home/bennett/github/PAI/Tank/ros2_ws/src/install/tank_navigation/lib/python3.10/site-packages'
[0.229s] Level 1:colcon.colcon_core.environment:checking '/home/bennett/github/PAI/Tank/ros2_ws/src/install/tank_navigation/bin'
[0.229s] INFO:colcon.colcon_core.shell:Creating package script '/home/bennett/github/PAI/Tank/ros2_ws/src/install/tank_navigation/share/tank_navigation/package.ps1'
[0.229s] INFO:colcon.colcon_core.shell:Creating package descriptor '/home/bennett/github/PAI/Tank/ros2_ws/src/install/tank_navigation/share/tank_navigation/package.dsv'
[0.230s] INFO:colcon.colcon_core.shell:Creating package script '/home/bennett/github/PAI/Tank/ros2_ws/src/install/tank_navigation/share/tank_navigation/package.sh'
[0.230s] INFO:colcon.colcon_core.shell:Creating package script '/home/bennett/github/PAI/Tank/ros2_ws/src/install/tank_navigation/share/tank_navigation/package.bash'
[0.230s] INFO:colcon.colcon_core.shell:Creating package script '/home/bennett/github/PAI/Tank/ros2_ws/src/install/tank_navigation/share/tank_navigation/package.zsh'
[0.230s] Level 1:colcon.colcon_core.environment:create_file_with_runtime_dependencies(/home/bennett/github/PAI/Tank/ros2_ws/src/install/tank_navigation/share/colcon-core/packages/tank_navigation)
[0.231s] Level 1:colcon.colcon_core.environment:create_environment_scripts_only(tank_navigation)
[0.231s] Level 1:colcon.colcon_core.environment:checking '/home/bennett/github/PAI/Tank/ros2_ws/src/install/tank_navigation' for CMake module files
[0.231s] Level 1:colcon.colcon_core.environment:checking '/home/bennett/github/PAI/Tank/ros2_ws/src/install/tank_navigation' for CMake config files
[0.231s] Level 1:colcon.colcon_core.shell:create_environment_hook('tank_navigation', 'cmake_prefix_path')
[0.231s] INFO:colcon.colcon_core.shell:Creating environment hook '/home/bennett/github/PAI/Tank/ros2_ws/src/install/tank_navigation/share/tank_navigation/hook/cmake_prefix_path.ps1'
[0.231s] INFO:colcon.colcon_core.shell:Creating environment descriptor '/home/bennett/github/PAI/Tank/ros2_ws/src/install/tank_navigation/share/tank_navigation/hook/cmake_prefix_path.dsv'
[0.231s] INFO:colcon.colcon_core.shell:Creating environment hook '/home/bennett/github/PAI/Tank/ros2_ws/src/install/tank_navigation/share/tank_navigation/hook/cmake_prefix_path.sh'
[0.231s] Level 1:colcon.colcon_core.environment:checking '/home/bennett/github/PAI/Tank/ros2_ws/src/install/tank_navigation/bin'
[0.232s] Level 1:colcon.colcon_core.environment:checking '/home/bennett/github/PAI/Tank/ros2_ws/src/install/tank_navigation/lib/pkgconfig/tank_navigation.pc'
[0.232s] Level 1:colcon.colcon_core.environment:checking '/home/bennett/github/PAI/Tank/ros2_ws/src/install/tank_navigation/lib/python3.10/site-packages'
[0.232s] Level 1:colcon.colcon_core.environment:checking '/home/bennett/github/PAI/Tank/ros2_ws/src/install/tank_navigation/bin'
[0.232s] INFO:colcon.colcon_core.shell:Creating package script '/home/bennett/github/PAI/Tank/ros2_ws/src/install/tank_navigation/share/tank_navigation/package.ps1'
[0.232s] INFO:colcon.colcon_core.shell:Creating package descriptor '/home/bennett/github/PAI/Tank/ros2_ws/src/install/tank_navigation/share/tank_navigation/package.dsv'
[0.232s] INFO:colcon.colcon_core.shell:Creating package script '/home/bennett/github/PAI/Tank/ros2_ws/src/install/tank_navigation/share/tank_navigation/package.sh'
[0.232s] INFO:colcon.colcon_core.shell:Creating package script '/home/bennett/github/PAI/Tank/ros2_ws/src/install/tank_navigation/share/tank_navigation/package.bash'
[0.232s] INFO:colcon.colcon_core.shell:Creating package script '/home/bennett/github/PAI/Tank/ros2_ws/src/install/tank_navigation/share/tank_navigation/package.zsh'
[0.233s] Level 1:colcon.colcon_core.environment:create_file_with_runtime_dependencies(/home/bennett/github/PAI/Tank/ros2_ws/src/install/tank_navigation/share/colcon-core/packages/tank_navigation)
[0.354s] DEBUG:colcon.colcon_core.event_handler.log_command:Invoking command in '/home/bennett/github/PAI/Tank/ros2_ws/src/yolov8_detector': PYTHONPATH=/home/bennett/github/PAI/Tank/ros2_ws/src/build/yolov8_detector/prefix_override:/usr/lib/python3/dist-packages/colcon_core/task/python/colcon_distutils_commands:/home/bennett/github/PAI/Tank/ros2_ws/src/install/yolov8_detector/lib/python3.10/site-packages: /usr/bin/python3 -W ignore:setup.py install is deprecated -W ignore:easy_install command is deprecated setup.py egg_info --egg-base ../build/yolov8_detector build --build-base /home/bennett/github/PAI/Tank/ros2_ws/src/build/yolov8_detector/build install --record /home/bennett/github/PAI/Tank/ros2_ws/src/build/yolov8_detector/install.log --single-version-externally-managed install_data
[0.455s] Level 1:colcon.colcon_core.environment:checking '/home/bennett/github/PAI/Tank/ros2_ws/src/install/yolov8_detector' for CMake module files
[0.455s] DEBUG:colcon.colcon_core.event_handler.log_command:Invoked command in '/home/bennett/github/PAI/Tank/ros2_ws/src/yolov8_detector' returned '0': PYTHONPATH=/home/bennett/github/PAI/Tank/ros2_ws/src/build/yolov8_detector/prefix_override:/usr/lib/python3/dist-packages/colcon_core/task/python/colcon_distutils_commands:/home/bennett/github/PAI/Tank/ros2_ws/src/install/yolov8_detector/lib/python3.10/site-packages: /usr/bin/python3 -W ignore:setup.py install is deprecated -W ignore:easy_install command is deprecated setup.py egg_info --egg-base ../build/yolov8_detector build --build-base /home/bennett/github/PAI/Tank/ros2_ws/src/build/yolov8_detector/build install --record /home/bennett/github/PAI/Tank/ros2_ws/src/build/yolov8_detector/install.log --single-version-externally-managed install_data
[0.455s] Level 1:colcon.colcon_core.environment:checking '/home/bennett/github/PAI/Tank/ros2_ws/src/install/yolov8_detector' for CMake config files
[0.455s] Level 1:colcon.colcon_core.environment:checking '/home/bennett/github/PAI/Tank/ros2_ws/src/install/yolov8_detector/lib'
[0.455s] Level 1:colcon.colcon_core.environment:checking '/home/bennett/github/PAI/Tank/ros2_ws/src/install/yolov8_detector/bin'
[0.455s] Level 1:colcon.colcon_core.environment:checking '/home/bennett/github/PAI/Tank/ros2_ws/src/install/yolov8_detector/lib/pkgconfig/yolov8_detector.pc'
[0.456s] Level 1:colcon.colcon_core.environment:checking '/home/bennett/github/PAI/Tank/ros2_ws/src/install/yolov8_detector/lib/python3.10/site-packages'
[0.456s] Level 1:colcon.colcon_core.shell:create_environment_hook('yolov8_detector', 'pythonpath')
[0.456s] INFO:colcon.colcon_core.shell:Creating environment hook '/home/bennett/github/PAI/Tank/ros2_ws/src/install/yolov8_detector/share/yolov8_detector/hook/pythonpath.ps1'
[0.456s] INFO:colcon.colcon_core.shell:Creating environment descriptor '/home/bennett/github/PAI/Tank/ros2_ws/src/install/yolov8_detector/share/yolov8_detector/hook/pythonpath.dsv'
[0.456s] INFO:colcon.colcon_core.shell:Creating environment hook '/home/bennett/github/PAI/Tank/ros2_ws/src/install/yolov8_detector/share/yolov8_detector/hook/pythonpath.sh'
[0.456s] Level 1:colcon.colcon_core.environment:checking '/home/bennett/github/PAI/Tank/ros2_ws/src/install/yolov8_detector/bin'
[0.456s] Level 1:colcon.colcon_core.environment:create_environment_scripts_only(yolov8_detector)
[0.457s] INFO:colcon.colcon_core.shell:Creating package script '/home/bennett/github/PAI/Tank/ros2_ws/src/install/yolov8_detector/share/yolov8_detector/package.ps1'
[0.457s] INFO:colcon.colcon_core.shell:Creating package descriptor '/home/bennett/github/PAI/Tank/ros2_ws/src/install/yolov8_detector/share/yolov8_detector/package.dsv'
[0.457s] INFO:colcon.colcon_core.shell:Creating package script '/home/bennett/github/PAI/Tank/ros2_ws/src/install/yolov8_detector/share/yolov8_detector/package.sh'
[0.457s] INFO:colcon.colcon_core.shell:Creating package script '/home/bennett/github/PAI/Tank/ros2_ws/src/install/yolov8_detector/share/yolov8_detector/package.bash'
[0.457s] INFO:colcon.colcon_core.shell:Creating package script '/home/bennett/github/PAI/Tank/ros2_ws/src/install/yolov8_detector/share/yolov8_detector/package.zsh'
[0.457s] Level 1:colcon.colcon_core.environment:create_file_with_runtime_dependencies(/home/bennett/github/PAI/Tank/ros2_ws/src/install/yolov8_detector/share/colcon-core/packages/yolov8_detector)
[0.457s] DEBUG:colcon.colcon_parallel_executor.executor.parallel:closing loop
[0.457s] DEBUG:colcon.colcon_parallel_executor.executor.parallel:loop closed
[0.457s] DEBUG:colcon.colcon_parallel_executor.executor.parallel:run_until_complete finished with '0'
[0.457s] DEBUG:colcon.colcon_core.event_reactor:joining thread
[0.461s] INFO:colcon.colcon_core.plugin_system:Skipping extension 'colcon_notification.desktop_notification.terminal_notifier': Not used on non-Darwin systems
[0.461s] INFO:colcon.colcon_core.plugin_system:Skipping extension 'colcon_notification.desktop_notification.win32': Not used on non-Windows systems
[0.461s] INFO:colcon.colcon_notification.desktop_notification:Sending desktop notification using 'notify2'
[0.468s] DEBUG:colcon.colcon_core.event_reactor:joined thread
[0.468s] INFO:colcon.colcon_core.shell:Creating prefix script '/home/bennett/github/PAI/Tank/ros2_ws/src/install/local_setup.ps1'
[0.469s] INFO:colcon.colcon_core.shell:Creating prefix util module '/home/bennett/github/PAI/Tank/ros2_ws/src/install/_local_setup_util_ps1.py'
[0.478s] INFO:colcon.colcon_core.shell:Creating prefix chain script '/home/bennett/github/PAI/Tank/ros2_ws/src/install/setup.ps1'
[0.479s] INFO:colcon.colcon_core.shell:Creating prefix script '/home/bennett/github/PAI/Tank/ros2_ws/src/install/local_setup.sh'
[0.479s] INFO:colcon.colcon_core.shell:Creating prefix util module '/home/bennett/github/PAI/Tank/ros2_ws/src/install/_local_setup_util_sh.py'
[0.479s] INFO:colcon.colcon_core.shell:Creating prefix chain script '/home/bennett/github/PAI/Tank/ros2_ws/src/install/setup.sh'
[0.479s] INFO:colcon.colcon_core.shell:Creating prefix script '/home/bennett/github/PAI/Tank/ros2_ws/src/install/local_setup.bash'
[0.480s] INFO:colcon.colcon_core.shell:Creating prefix chain script '/home/bennett/github/PAI/Tank/ros2_ws/src/install/setup.bash'
[0.480s] INFO:colcon.colcon_core.shell:Creating prefix script '/home/bennett/github/PAI/Tank/ros2_ws/src/install/local_setup.zsh'
[0.480s] INFO:colcon.colcon_core.shell:Creating prefix chain script '/home/bennett/github/PAI/Tank/ros2_ws/src/install/setup.zsh'
